******************************************************************************
                  TI ARM Linker PC v20.2.6                     
******************************************************************************
>> Linked Fri Jun 17 11:09:42 2022

OUTPUT FILE NAME:   <DO_AN_1.out>
ENTRY POINT SYMBOL: "_c_int00_noargs"  address: 00001d09


MEMORY CONFIGURATION

         name            origin    length      used     unused   attr    fill
----------------------  --------  ---------  --------  --------  ----  --------
  FLASH                 00000000   00040000  00002362  0003dc9e  R  X
  SRAM                  20000000   00008000  000004e8  00007b18  RW X


SEGMENT ALLOCATION MAP

run origin  load origin   length   init length attrs members
----------  ----------- ---------- ----------- ----- -------
00000000    00000000    00002368   00002368    r-x
  00000000    00000000    0000026c   0000026c    r-- .intvecs
  0000026c    0000026c    00001d0a   00001d0a    r-x .text
  00001f78    00001f78    00000364   00000364    r-- .const
  000022e0    000022e0    00000088   00000088    r-- .cinit
20000000    20000000    000004ef   00000000    rw-
  20000000    20000000    0000026c   00000000    rw- .vtable
  20000270    20000270    00000200   00000000    rw- .stack
  20000470    20000470    00000061   00000000    rw- .data
  200004d4    200004d4    0000001b   00000000    rw- .bss


SECTION ALLOCATION MAP

 output                                  attributes/
section   page    origin      length       input sections
--------  ----  ----------  ----------   ----------------
.intvecs   0    00000000    0000026c     
                  00000000    0000026c     tm4c123gh6pm_startup_ccs.obj (.intvecs)

.text      0    0000026c    00001d0a     
                  0000026c    00000588     MotorState.obj (.text)
                  000007f4    00000516     LCD.obj (.text)
                  00000d0a    00000002     rtsv7M4_T_le_v4SPD16_eabi.lib : div0.asm.obj (.text)
                  00000d0c    0000049c     uartstdio.obj (.text)
                  000011a8    00000218     KeyPad.obj (.text)
                  000013c0    0000016c     driverlib.lib : gpio.obj (.text:GPIOPadConfigSet)
                  0000152c    00000150     PWM.obj (.text)
                  0000167c    00000118     driverlib.lib : sysctl.obj (.text:SysCtlClockGet)
                  00001794    000000f4                   : sysctl.obj (.text:SysCtlClockSet)
                  00001888    0000009c     rtsv7M4_T_le_v4SPD16_eabi.lib : memcpy_t2.asm.obj (.text)
                  00001924    0000008c     main.obj (.text)
                  000019b0    00000068     driverlib.lib : interrupt.obj (.text:IntEnable)
                  00001a18    00000068     rtsv7M4_T_le_v4SPD16_eabi.lib : copy_decompress_lzss.c.obj (.text:decompress:lzss:__TI_decompress_lzss)
                  00001a80    00000058     driverlib.lib : gpio.obj (.text:GPIOIntTypeSet)
                  00001ad8    0000004c                   : gpio.obj (.text:GPIOPinConfigure)
                  00001b24    00000046                   : uart.obj (.text:UARTConfigSetExpClk)
                  00001b6a    00000002     --HOLE-- [fill = 0]
                  00001b6c    00000044                   : gpio.obj (.text:_GPIOIntNumberGet)
                  00001bb0    00000044     rtsv7M4_T_le_v4SPD16_eabi.lib : autoinit.c.obj (.text:__TI_auto_init_nobinit_nopinit:__TI_auto_init_nobinit_nopinit)
                  00001bf4    00000040                                   : u_divt2.asm.obj (.text)
                  00001c34    00000038     driverlib.lib : sysctl.obj (.text:SysCtlPeripheralPresent)
                  00001c6c    00000034                   : interrupt.obj (.text:IntRegister)
                  00001ca0    00000034                   : sysctl.obj (.text:SysCtlPeripheralEnable)
                  00001cd4    00000034     SysTick.obj (.text)
                  00001d08    00000034     rtsv7M4_T_le_v4SPD16_eabi.lib : boot_cortex_m.c.obj (.text:_c_int00_noargs:_c_int00_noargs)
                  00001d3c    0000002c     driverlib.lib : gpio.obj (.text:GPIODirModeSet)
                  00001d68    00000022                   : pwm.obj (.text:PWMGenConfigure)
                  00001d8a    00000002     --HOLE-- [fill = 0]
                  00001d8c    00000020                   : uart.obj (.text:UARTDisable)
                  00001dac    0000001e                   : pwm.obj (.text:PWMPulseWidthSet)
                  00001dca    0000001c     rtsv7M4_T_le_v4SPD16_eabi.lib : copy_zero_init.c.obj (.text:decompress:ZI:__TI_zero_init_nomemset:__TI_zero_init_nomemset)
                  00001de6    0000001a     driverlib.lib : gpio.obj (.text:GPIOPinTypeGPIOOutput)
                  00001e00    00000018                   : gpio.obj (.text:GPIOIntRegister)
                  00001e18    00000016                   : gpio.obj (.text:GPIOPinTypeGPIOInput)
                  00001e2e    00000016                   : gpio.obj (.text:GPIOPinTypePWM)
                  00001e44    00000016                   : gpio.obj (.text:GPIOPinTypeUART)
                  00001e5a    00000002     --HOLE-- [fill = 0]
                  00001e5c    00000014                   : sysctl.obj (.text:SysCtlPWMClockSet)
                  00001e70    00000014                   : systick.obj (.text:SysTickEnable)
                  00001e84    00000014                   : systick.obj (.text:SysTickIntEnable)
                  00001e98    00000014                   : uart.obj (.text:UARTEnable)
                  00001eac    00000012                   : pwm.obj (.text:PWMOutputState)
                  00001ebe    00000010                   : interrupt.obj (.text:IntMasterEnable)
                  00001ece    00000010                   : pwm.obj (.text:PWMGenPeriodSet)
                  00001ede    00000002     --HOLE-- [fill = 0]
                  00001ee0    00000010                   : systick.obj (.text:SysTickPeriodSet)
                  00001ef0    0000000e                   : gpio.obj (.text:GPIOIntStatus)
                  00001efe    0000000e     rtsv7M4_T_le_v4SPD16_eabi.lib : copy_decompress_none.c.obj (.text:decompress:none:__TI_decompress_none)
                  00001f0c    0000000c     driverlib.lib : cpu.obj (.text:CPUcpsie)
                  00001f18    0000000c                   : gpio.obj (.text:GPIOIntEnable)
                  00001f24    0000000c                   : pwm.obj (.text:PWMGenEnable)
                  00001f30    0000000c     tm4c123gh6pm_startup_ccs.obj (.text)
                  00001f3c    0000000a     driverlib.lib : uart.obj (.text:UARTCharGet)
                  00001f46    0000000a                   : uart.obj (.text:UARTCharPut)
                  00001f50    00000006                   : gpio.obj (.text:GPIOIntClear)
                  00001f56    00000006                   : gpio.obj (.text:GPIOPinRead)
                  00001f5c    00000006                   : gpio.obj (.text:GPIOPinWrite)
                  00001f62    00000006                   : sysctl.obj (.text:SysCtlDelay)
                  00001f68    00000006                   : uart.obj (.text:UARTClockSourceSet)
                  00001f6e    00000004     rtsv7M4_T_le_v4SPD16_eabi.lib : pre_init.c.obj (.text:_system_pre_init)
                  00001f72    00000004                                   : exit.c.obj (.text:abort:abort)

.const     0    00001f78    00000364     
                  00001f78    000000d8     driverlib.lib : gpio.obj (.const:g_ppui32GPIOIntMapSnowflake)
                  00002050    000000c0                   : gpio.obj (.const:g_ppui32GPIOIntMapBlizzard)
                  00002110    00000090                   : gpio.obj (.const:g_pui32GPIOBaseAddrs)
                  000021a0    0000008c     MotorState.obj (.const:.string)
                  0000222c    0000006c     driverlib.lib : sysctl.obj (.const:g_pui32Xtals)
                  00002298    00000014                   : interrupt.obj (.const:g_pui32EnRegs)
                  000022ac    00000012     uartstdio.obj (.const:.string)
                  000022be    00000002     --HOLE-- [fill = 0]
                  000022c0    0000000c     uartstdio.obj (.const:g_ui32UARTBase)
                  000022cc    0000000c     uartstdio.obj (.const:g_ui32UARTPeriph)
                  000022d8    00000004     uartstdio.obj (.const)

.cinit     0    000022e0    00000088     
                  000022e0    0000004d     (.cinit..data.load) [load image, compression = lzss]
                  0000232d    00000003     --HOLE-- [fill = 0]
                  00002330    0000000c     (__TI_handler_table)
                  0000233c    00000004     --HOLE-- [fill = 0]
                  00002340    00000008     (.cinit..bss.load) [load image, compression = zero_init]
                  00002348    00000008     (.cinit..vtable.load) [load image, compression = zero_init]
                  00002350    00000018     (__TI_cinit_table)

.init_array 
*          0    00000000    00000000     UNINITIALIZED

.vtable    0    20000000    0000026c     UNINITIALIZED
                  20000000    0000026c     driverlib.lib : interrupt.obj (.vtable)

.data      0    20000470    00000061     UNINITIALIZED
                  20000470    00000030     KeyPad.obj (.data:keypad)
                  200004a0    00000024     MotorState.obj (.data:stateName)
                  200004c4    00000005     MotorState.obj (.data)
                  200004c9    00000003     --HOLE--
                  200004cc    00000005     uartstdio.obj (.data)

.bss       0    200004d4    0000001b     UNINITIALIZED
                  200004d4    00000006     PWM.obj (.bss)
                  200004da    00000001     MotorState.obj (.bss)
                  200004db    00000001     main.obj (.bss)
                  200004dc    00000004     (.common:col)
                  200004e0    00000004     (.common:i)
                  200004e4    00000004     (.common:j)
                  200004e8    00000004     (.common:m)
                  200004ec    00000003     KeyPad.obj (.bss)

.stack     0    20000270    00000200     UNINITIALIZED
                  20000270    00000004     rtsv7M4_T_le_v4SPD16_eabi.lib : boot_cortex_m.c.obj (.stack)
                  20000274    000001fc     --HOLE--

__llvm_prf_cnts 
*          0    20000000    00000000     UNINITIALIZED

MODULE SUMMARY

       Module                         code   ro data   rw data
       ------                         ----   -------   -------
    .\
       uartstdio.obj                  1180   46        5      
       tm4c123gh6pm_startup_ccs.obj   12     620       0      
       main.obj                       140    0         1      
    +--+------------------------------+------+---------+---------+
       Total:                         1332   666       6      
                                                              
    .\KeyPad\
       KeyPad.obj                     536    0         67     
    +--+------------------------------+------+---------+---------+
       Total:                         536    0         67     
                                                              
    .\LCD\
       LCD.obj                        1302   0         0      
    +--+------------------------------+------+---------+---------+
       Total:                         1302   0         0      
                                                              
    .\MotorState\
       MotorState.obj                 1416   140       42     
    +--+------------------------------+------+---------+---------+
       Total:                         1416   140       42     
                                                              
    .\PWM\
       PWM.obj                        336    0         6      
    +--+------------------------------+------+---------+---------+
       Total:                         336    0         6      
                                                              
    .\SysTick\
       SysTick.obj                    52     0         0      
    +--+------------------------------+------+---------+---------+
       Total:                         52     0         0      
                                                              
    C:/ti/TivaWare_C_Series-2.2.0.295/driverlib/ccs/Debug/driverlib.lib
       gpio.obj                       800    552       0      
       interrupt.obj                  172    20        620    
       sysctl.obj                     658    108       0      
       uart.obj                       148    0         0      
       pwm.obj                        110    0         0      
       systick.obj                    56     0         0      
       cpu.obj                        12     0         0      
    +--+------------------------------+------+---------+---------+
       Total:                         1956   680       620    
                                                              
    C:\ti\ccs1110\ccs\tools\compiler\ti-cgt-arm_20.2.6.LTS\lib\rtsv7M4_T_le_v4SPD16_eabi.lib
       memcpy_t2.asm.obj              156    0         0      
       copy_decompress_lzss.c.obj     104    0         0      
       autoinit.c.obj                 68     0         0      
       u_divt2.asm.obj                64     0         0      
       boot_cortex_m.c.obj            52     0         0      
       copy_zero_init.c.obj           28     0         0      
       copy_decompress_none.c.obj     14     0         0      
       exit.c.obj                     4      0         0      
       pre_init.c.obj                 4      0         0      
       div0.asm.obj                   2      0         0      
    +--+------------------------------+------+---------+---------+
       Total:                         496    0         0      
                                                              
       Stack:                         0      0         512    
       Linker Generated:              0      129       0      
    +--+------------------------------+------+---------+---------+
       Grand Total:                   7426   1615      1253   


LINKER GENERATED COPY TABLES

__TI_cinit_table @ 00002350 records: 3, size/record: 8, table size: 24
	.data: load addr=000022e0, load size=0000004d bytes, run addr=20000470, run size=00000061 bytes, compression=lzss
	.bss: load addr=00002340, load size=00000008 bytes, run addr=200004d4, run size=0000001b bytes, compression=zero_init
	.vtable: load addr=00002348, load size=00000008 bytes, run addr=20000000, run size=0000026c bytes, compression=zero_init


LINKER GENERATED HANDLER TABLE

__TI_handler_table @ 00002330 records: 3, size/record: 4, table size: 12
	index: 0, handler: __TI_zero_init
	index: 1, handler: __TI_decompress_lzss
	index: 2, handler: __TI_decompress_none


GLOBAL SYMBOLS: SORTED ALPHABETICALLY BY Name 

address   name                          
-------   ----                          
00001f73  C$$EXIT                       
00001f0d  CPUcpsie                      
0000152d  Config_PWM                    
00001cd5  Config_SysTick                
000015af  Control_PWM                   
00001d3d  GPIODirModeSet                
00001f51  GPIOIntClear                  
00001f19  GPIOIntEnable                 
00001e01  GPIOIntRegister               
00001ef1  GPIOIntStatus                 
00001a81  GPIOIntTypeSet                
000013c1  GPIOPadConfigSet              
00001ad9  GPIOPinConfigure              
00001f57  GPIOPinRead                   
00001e19  GPIOPinTypeGPIOInput          
00001de7  GPIOPinTypeGPIOOutput         
00001e2f  GPIOPinTypePWM                
00001e45  GPIOPinTypeUART               
00001f5d  GPIOPinWrite                  
00001925  InitConsole                   
000011a9  InitKeypad                    
000019b1  IntEnable                     
00001ebf  IntMasterEnable               
00001c6d  IntRegister                   
00001303  KeyState                      
00001d69  PWMGenConfigure               
00001f25  PWMGenEnable                  
00001ecf  PWMGenPeriodSet               
00001ead  PWMOutputState                
00001dad  PWMPulseWidthSet              
0000124b  READ_KEY                      
000011ed  READ_STATE                    
00001f31  ResetISR                      
0000026d  StateMotorUpdate              
0000167d  SysCtlClockGet                
00001795  SysCtlClockSet                
00001f63  SysCtlDelay                   
00001e5d  SysCtlPWMClockSet             
00001ca1  SysCtlPeripheralEnable        
00001c35  SysCtlPeripheralPresent       
00001e71  SysTickEnable                 
00001e85  SysTickIntEnable              
00001cf5  SysTickInt_ISR                
00001ee1  SysTickPeriodSet              
200004c4  Timer                         
00001f3d  UARTCharGet                   
00001f47  UARTCharPut                   
00001f69  UARTClockSourceSet            
00001b25  UARTConfigSetExpClk           
00001d8d  UARTDisable                   
00001e99  UARTEnable                    
00000d0d  UARTStdioConfig               
00000e53  UARTgetc                      
00000d99  UARTgets                      
00001173  UARTprintf                    
00000e79  UARTvprintf                   
00000d53  UARTwrite                     
0000162b  Update_PWM                    
20000470  __STACK_END                   
00000200  __STACK_SIZE                  
20000470  __STACK_TOP                   
00002350  __TI_CINIT_Base               
00002368  __TI_CINIT_Limit              
00002330  __TI_Handler_Table_Base       
0000233c  __TI_Handler_Table_Limit      
00001bb1  __TI_auto_init_nobinit_nopinit
00001a19  __TI_decompress_lzss          
00001eff  __TI_decompress_none          
ffffffff  __TI_pprof_out_hndl           
ffffffff  __TI_prof_data_size           
ffffffff  __TI_prof_data_start          
00000000  __TI_static_base__            
00001dcb  __TI_zero_init_nomemset       
00000d0b  __aeabi_idiv0                 
00000d0b  __aeabi_ldiv0                 
00001889  __aeabi_memcpy                
00001889  __aeabi_memcpy4               
00001889  __aeabi_memcpy8               
00001bf5  __aeabi_uidiv                 
00001bf5  __aeabi_uidivmod              
ffffffff  __binit__                     
ffffffff  __c_args__                    
UNDEFED   __mpu_init                    
20000270  __stack                       
20000000  __start___llvm_prf_cnts       
20000000  __stop___llvm_prf_cnts        
00001d09  _c_int00_noargs               
UNDEFED   _system_post_cinit            
00001f6f  _system_pre_init              
00001f73  abort                         
ffffffff  binit                         
200004dc  col                           
20000000  g_pfnRAMVectors               
00000000  g_pfnVectors                  
200004e0  i                             
200004e4  j                             
20000470  keypad                        
00000a81  lcd_clear                     
00000b37  lcd_clr_puts                  
0000081b  lcd_delay_ms                  
000007f5  lcd_delay_us                  
00000a93  lcd_gotoxy                    
000009a9  lcd_init                      
00000843  lcd_put_byte                  
00000b65  lcd_put_num                   
00000ad7  lcd_putc                      
00000b1b  lcd_puts                      
200004e8  m                             
00001961  main                          
00001889  memcpy                        


GLOBAL SYMBOLS: SORTED BY Symbol Address 

address   name                          
-------   ----                          
00000000  __TI_static_base__            
00000000  g_pfnVectors                  
00000200  __STACK_SIZE                  
0000026d  StateMotorUpdate              
000007f5  lcd_delay_us                  
0000081b  lcd_delay_ms                  
00000843  lcd_put_byte                  
000009a9  lcd_init                      
00000a81  lcd_clear                     
00000a93  lcd_gotoxy                    
00000ad7  lcd_putc                      
00000b1b  lcd_puts                      
00000b37  lcd_clr_puts                  
00000b65  lcd_put_num                   
00000d0b  __aeabi_idiv0                 
00000d0b  __aeabi_ldiv0                 
00000d0d  UARTStdioConfig               
00000d53  UARTwrite                     
00000d99  UARTgets                      
00000e53  UARTgetc                      
00000e79  UARTvprintf                   
00001173  UARTprintf                    
000011a9  InitKeypad                    
000011ed  READ_STATE                    
0000124b  READ_KEY                      
00001303  KeyState                      
000013c1  GPIOPadConfigSet              
0000152d  Config_PWM                    
000015af  Control_PWM                   
0000162b  Update_PWM                    
0000167d  SysCtlClockGet                
00001795  SysCtlClockSet                
00001889  __aeabi_memcpy                
00001889  __aeabi_memcpy4               
00001889  __aeabi_memcpy8               
00001889  memcpy                        
00001925  InitConsole                   
00001961  main                          
000019b1  IntEnable                     
00001a19  __TI_decompress_lzss          
00001a81  GPIOIntTypeSet                
00001ad9  GPIOPinConfigure              
00001b25  UARTConfigSetExpClk           
00001bb1  __TI_auto_init_nobinit_nopinit
00001bf5  __aeabi_uidiv                 
00001bf5  __aeabi_uidivmod              
00001c35  SysCtlPeripheralPresent       
00001c6d  IntRegister                   
00001ca1  SysCtlPeripheralEnable        
00001cd5  Config_SysTick                
00001cf5  SysTickInt_ISR                
00001d09  _c_int00_noargs               
00001d3d  GPIODirModeSet                
00001d69  PWMGenConfigure               
00001d8d  UARTDisable                   
00001dad  PWMPulseWidthSet              
00001dcb  __TI_zero_init_nomemset       
00001de7  GPIOPinTypeGPIOOutput         
00001e01  GPIOIntRegister               
00001e19  GPIOPinTypeGPIOInput          
00001e2f  GPIOPinTypePWM                
00001e45  GPIOPinTypeUART               
00001e5d  SysCtlPWMClockSet             
00001e71  SysTickEnable                 
00001e85  SysTickIntEnable              
00001e99  UARTEnable                    
00001ead  PWMOutputState                
00001ebf  IntMasterEnable               
00001ecf  PWMGenPeriodSet               
00001ee1  SysTickPeriodSet              
00001ef1  GPIOIntStatus                 
00001eff  __TI_decompress_none          
00001f0d  CPUcpsie                      
00001f19  GPIOIntEnable                 
00001f25  PWMGenEnable                  
00001f31  ResetISR                      
00001f3d  UARTCharGet                   
00001f47  UARTCharPut                   
00001f51  GPIOIntClear                  
00001f57  GPIOPinRead                   
00001f5d  GPIOPinWrite                  
00001f63  SysCtlDelay                   
00001f69  UARTClockSourceSet            
00001f6f  _system_pre_init              
00001f73  C$$EXIT                       
00001f73  abort                         
00002330  __TI_Handler_Table_Base       
0000233c  __TI_Handler_Table_Limit      
00002350  __TI_CINIT_Base               
00002368  __TI_CINIT_Limit              
20000000  __start___llvm_prf_cnts       
20000000  __stop___llvm_prf_cnts        
20000000  g_pfnRAMVectors               
20000270  __stack                       
20000470  __STACK_END                   
20000470  __STACK_TOP                   
20000470  keypad                        
200004c4  Timer                         
200004dc  col                           
200004e0  i                             
200004e4  j                             
200004e8  m                             
ffffffff  __TI_pprof_out_hndl           
ffffffff  __TI_prof_data_size           
ffffffff  __TI_prof_data_start          
ffffffff  __binit__                     
ffffffff  __c_args__                    
ffffffff  binit                         
UNDEFED   __mpu_init                    
UNDEFED   _system_post_cinit            

[110 symbols]
